// Vitest Snapshot v1, https://vitest.dev/guide/snapshot.html

exports[`Render > render correctly 1`] = `
"<div class="vtl">
  <!--v-if-->
  <div class="">
    <div class="vtl">
      <div id="1" class="vtl-node vtl-tree-node">
        <div class="vtl-border vtl-up"></div>
        <div class="vtl-node-main vtl-drag-disabled" draggable="false"><span class="vtl-caret vtl-is-small"><i class="vtl-icon vtl-icon-caret-right"></i></span><span><i class="vtl-icon vtl-menu-icon vtl-icon-folder"></i></span>
          <div class="vtl-node-content">Node 1</div>
          <div class="vtl-operation" style="display: none;">
            <!--v-if-->
            <!--v-if-->
            <!--v-if-->
            <!--v-if-->
          </div>
        </div>
        <!--v-if-->
      </div>
      <div class="vtl-tree-margin" style="display: none;">
        <div class="vtl">
          <div id="2" class="vtl-node vtl-leaf-node">
            <div class="vtl-border vtl-up"></div>
            <div class="vtl-node-main" draggable="true">
              <!--v-if--><span><i class="vtl-icon vtl-menu-icon vtl-icon-file"></i></span>
              <div class="vtl-node-content">Node 1-2</div>
              <div class="vtl-operation" style="display: none;">
                <!--v-if-->
                <!--v-if--><span title="edit"><i class="vtl-icon vtl-icon-edit"></i></span><span title="delete"><i class="vtl-icon vtl-icon-trash"></i></span>
              </div>
            </div>
            <!--v-if-->
          </div>
          <!--v-if-->
        </div>
      </div>
    </div>
    <div class="vtl">
      <div id="3" class="vtl-node vtl-tree-node">
        <div class="vtl-border vtl-up"></div>
        <div class="vtl-node-main vtl-disabled" draggable="true">
          <!--v-if--><span><i class="vtl-icon vtl-menu-icon vtl-icon-folder"></i></span>
          <div class="vtl-node-content">Node 2</div>
          <div class="vtl-operation" style="display: none;"><span title="Add Tree Node"><i class="vtl-icon vtl-icon-folder-plus-e"></i></span><span title="Add Leaf Node"><i class="vtl-icon vtl-icon-plus"></i></span><span title="edit"><i class="vtl-icon vtl-icon-edit"></i></span><span title="delete"><i class="vtl-icon vtl-icon-trash"></i></span></div>
        </div>
        <!--v-if-->
      </div>
      <!--v-if-->
    </div>
    <div class="vtl">
      <div id="4" class="vtl-node vtl-tree-node">
        <div class="vtl-border vtl-up"></div>
        <div class="vtl-node-main" draggable="true">
          <!--v-if--><span><i class="vtl-icon vtl-menu-icon vtl-icon-folder"></i></span>
          <div class="vtl-node-content">Node 3</div>
          <div class="vtl-operation" style="display: none;"><span title="Add Tree Node"><i class="vtl-icon vtl-icon-folder-plus-e"></i></span><span title="Add Leaf Node"><i class="vtl-icon vtl-icon-plus"></i></span><span title="edit"><i class="vtl-icon vtl-icon-edit"></i></span><span title="delete"><i class="vtl-icon vtl-icon-trash"></i></span></div>
        </div>
        <!--v-if-->
      </div>
      <!--v-if-->
    </div>
  </div>
</div>"
`;
