// Jest Snapshot v1, https://goo.gl/fbAQLP

exports[`Slot render slot correctly 1`] = `
<div class="vtl">
  <!---->
  <div class="">
    <div class="vtl">
      <div id="t1" class="vtl-node vtl-tree-node">
        <div class="vtl-border vtl-up"></div>
        <div draggable="true" class="vtl-node-main"><span class="vtl-caret vtl-is-small"><i class="vtl-icon vtl-icon-caret-down"></i></span> <span><span class="tree-node-icon icon">❀</span></span>
          <div class="vtl-node-content">
            Node 1
          </div>
          <div class="vtl-operation" style="display: none;"><span title="Add Tree Node"><span class="add-tree-node-icon">📂</span></span> <span title="Add Leaf Node"><span class="icon">＋</span></span> <span title="edit"><span class="icon">📃</span></span> <span title="delete"><span></span></span></div>
        </div>
        <div class="vtl-border vtl-bottom"></div>
      </div>
      <div class="vtl-tree-margin">
        <div class="vtl">
          <div id="t11" class="vtl-node vtl-leaf-node">
            <div class="vtl-border vtl-up"></div>
            <div draggable="true" class="vtl-node-main">
              <!----> <span><span class="icon">🍃</span></span>
              <div class="vtl-node-content">
                Node 1-1
              </div>
              <div class="vtl-operation" style="display: none;">
                <!---->
                <!----> <span title="edit"><span class="icon">📃</span></span> <span title="delete"><span class="del-node-icon">✂️</span></span></div>
            </div>
            <!---->
          </div>
          <!---->
        </div>
      </div>
    </div>
    <div class="vtl">
      <div id="t2" class="vtl-node vtl-tree-node">
        <div class="vtl-border vtl-up"></div>
        <div draggable="true" class="vtl-node-main">
          <!----> <span><span class="tree-node-icon icon">❀</span></span>
          <div class="vtl-node-content">
            Node 2
          </div>
          <div class="vtl-operation" style="display: none;"><span title="Add Tree Node"><span class="add-tree-node-icon">📂</span></span> <span title="Add Leaf Node"><span class="icon">＋</span></span> <span title="edit"><span class="icon">📃</span></span> <span title="delete"><span class="del-node-icon">✂️</span></span></div>
        </div>
        <!---->
      </div>
      <!---->
    </div>
  </div>
</div>
`;
